2026/09/10 17:16:08 [INIT] Logging match output to console and: logs\match_m-26997.log (all matches in logs\matches.log)
2026/09/10 17:16:08 [INIT] Transport: WebSocket (server-push, low-latency)
2026/09/10 17:16:08 [WS] Connecting to wss://procon.ptit.edu.vn/ws/v1/matches/m-26997?token=bot-1857604b6fa72b6f0c6f1965
2026/09/10 17:16:08 [WS] Connected!
2026/09/10 17:16:08 [INIT] Fetching setup...
2026/09/10 17:16:08 [INIT] Map 12x12 | agents=6 | spots=8 (maxStocks/day=22) | days=10 | fuelLimit=120
2026/09/10 17:16:08 [INIT] Assigning kinds: [0 0 0 0 0 1]
2026/09/10 17:16:08 [WS] Server sent ActionResult: {"protocol_version":"v0.1-draft","type":"action_result","match_id":"m-26997","day":0,"valid":true,"reason":"","submission_id":"team-A-assign-1","response_ms":0}
2026/09/10 17:16:08 [INIT] HTTP fallback PostAssignment status: 200
2026/09/10 17:16:08 [INIT] Waiting for match to start...
2026/09/10 17:16:08 [INIT] Match started!
2026/09/10 17:16:08 [DAY 0] Agent positions: [117 20 48 60 57 96] | fuels: [120 120 120 120 120 0]
2026/09/10 17:16:08 [DAY 0] DEBUG positions: [117 20 48 60 57 96] | fuels: [120 120 120 120 120 0]
2026/09/10 17:16:08 [DAY 0] budget=60 steps | 23 road statuses
2026/09/10 17:16:08 [DAY 0] [P2: Medium (12x12)] Dynamic timeout=800ms (budget=60 steps)...
2026/09/10 17:16:08 [DAY 0] Cache built (14 sources).
2026/09/10 17:16:08 [DAY 0] 🚀 Đã nộp sớm baseline an toàn (stocks=22, types=4) lúc 6ms
2026/09/10 17:16:08 [WS] Server sent ActionResult: {"protocol_version":"v0.1-draft","type":"action_result","match_id":"m-26997","day":1,"valid":true,"reason":"","submission_id":"team-A-d1-3","response_ms":39}
2026/09/10 17:16:08 [DAY 0] iter=4 NEW BEST: matchTypes=4 todayTypes=4 stocks=22 (eff=22) steps=241 endDist=0
2026/09/10 17:16:08 [DAY 0] 🎯 THEORETICAL MAXIMUM REACHED (stocks=22/22, todayTypes=4/4, matchTypes=4/4) -> early exit at iter=20!
2026/09/10 17:16:08 [DAY 0] Search completed in 20 iterations. Best: matchTypes=4, todayTypes=4, stocks=22/22, steps=241
2026/09/10 17:16:08 [DAY 0] final plan submitted OK (45ms taken).
2026/09/10 17:16:08 [DAY 0] DEBUG brands all-time=4/8 | dayNewTypes(all-time-basis)=[4]
2026/09/10 17:16:08 [WS] Server sent ActionResult: {"protocol_version":"v0.1-draft","type":"action_result","match_id":"m-26997","day":1,"valid":true,"reason":"","submission_id":"team-A-d1-4","response_ms":79}
2026/09/10 17:16:13 [DAY 1] DEBUG positions: [11 15 119 97 54 97] | fuels: [89 75 87 120 98 0]
2026/09/10 17:16:13 [DAY 1] budget=60 steps | 23 road statuses
2026/09/10 17:16:13 [DAY 1] [P2: Medium (12x12)] Dynamic timeout=800ms (budget=60 steps)...
2026/09/10 17:16:13 [DAY 1] Cache built (14 sources).
2026/09/10 17:16:13 [DAY 1] 🚀 Đã nộp sớm baseline an toàn (stocks=22, types=4) lúc 6ms
2026/09/10 17:16:13 [WS] Server sent ActionResult: {"protocol_version":"v0.1-draft","type":"action_result","match_id":"m-26997","day":2,"valid":true,"reason":"","submission_id":"team-A-d2-5","response_ms":41}
2026/09/10 17:16:13 [DAY 1] iter=4 NEW BEST: matchTypes=0 todayTypes=4 stocks=22 (eff=22) steps=204 endDist=0
2026/09/10 17:16:13 [DAY 1] iter=11 NEW BEST: matchTypes=0 todayTypes=4 stocks=22 (eff=22) steps=202 endDist=0
2026/09/10 17:16:13 [DAY 1] 🎯 THEORETICAL MAXIMUM REACHED (stocks=22/22, todayTypes=4/4, matchTypes=0/0) -> early exit at iter=20!
2026/09/10 17:16:13 [DAY 1] Search completed in 20 iterations. Best: matchTypes=0, todayTypes=4, stocks=22/22, steps=202
2026/09/10 17:16:13 [DAY 1] final plan submitted OK (62ms taken).
2026/09/10 17:16:13 [DAY 1] DEBUG brands all-time=4/8 | dayNewTypes(all-time-basis)=[4]
2026/09/10 17:16:13 [WS] Server sent ActionResult: {"protocol_version":"v0.1-draft","type":"action_result","match_id":"m-26997","day":2,"valid":true,"reason":"","submission_id":"team-A-d2-6","response_ms":99}
2026/09/10 17:16:18 [DAY 2] DEBUG positions: [15 119 11 54 58 119] | fuels: [73 120 56 109 78 0]
2026/09/10 17:16:18 [DAY 2] budget=60 steps | 23 road statuses
2026/09/10 17:16:18 [DAY 2] [P2: Medium (12x12)] Dynamic timeout=800ms (budget=60 steps)...
2026/09/10 17:16:18 [DAY 2] Cache built (14 sources).
2026/09/10 17:16:18 [DAY 2] 🚀 Đã nộp sớm baseline an toàn (stocks=21, types=4) lúc 8ms
2026/09/10 17:16:18 [DAY 2] iter=1 NEW BEST: matchTypes=0 todayTypes=4 stocks=21 (eff=21) steps=214 endDist=1
2026/09/10 17:16:18 [DAY 2] iter=2 NEW BEST: matchTypes=0 todayTypes=4 stocks=22 (eff=22) steps=219 endDist=0
2026/09/10 17:16:18 [WS] Server sent ActionResult: {"protocol_version":"v0.1-draft","type":"action_result","match_id":"m-26997","day":3,"valid":true,"reason":"","submission_id":"team-A-d3-7","response_ms":98}
2026/09/10 17:16:18 [DAY 2] iter=4 NEW BEST: matchTypes=0 todayTypes=4 stocks=22 (eff=22) steps=214 endDist=0
2026/09/10 17:16:18 [DAY 2] iter=6 NEW BEST: matchTypes=0 todayTypes=4 stocks=22 (eff=22) steps=211 endDist=0
2026/09/10 17:16:18 [DAY 2] 🎯 THEORETICAL MAXIMUM REACHED (stocks=22/22, todayTypes=4/4, matchTypes=0/0) -> early exit at iter=21!
2026/09/10 17:16:18 [DAY 2] Search completed in 21 iterations. Best: matchTypes=0, todayTypes=4, stocks=22/22, steps=211
2026/09/10 17:16:18 [DAY 2] final plan submitted OK (86ms taken).
2026/09/10 17:16:18 [DAY 2] DEBUG brands all-time=4/8 | dayNewTypes(all-time-basis)=[4]
2026/09/10 17:16:18 [WS] Server sent ActionResult: {"protocol_version":"v0.1-draft","type":"action_result","match_id":"m-26997","day":3,"valid":true,"reason":"","submission_id":"team-A-d3-8","response_ms":173}
2026/09/10 17:16:23 [DAY 3] DEBUG positions: [11 15 119 19 97 119] | fuels: [58 92 120 84 91 0]
2026/09/10 17:16:23 [DAY 3] budget=60 steps | 23 road statuses
2026/09/10 17:16:23 [DAY 3] [P2: Medium (12x12)] Dynamic timeout=800ms (budget=60 steps)...
2026/09/10 17:16:23 [DAY 3] Cache built (14 sources).
2026/09/10 17:16:23 [DAY 3] 🚀 Đã nộp sớm baseline an toàn (stocks=21, types=4) lúc 4ms
2026/09/10 17:16:23 [DAY 3] iter=1 NEW BEST: matchTypes=0 todayTypes=4 stocks=22 (eff=22) steps=199 endDist=0
2026/09/10 17:16:23 [WS] Server sent ActionResult: {"protocol_version":"v0.1-draft","type":"action_result","match_id":"m-26997","day":4,"valid":true,"reason":"","submission_id":"team-A-d4-9","response_ms":31}
2026/09/10 17:16:23 [DAY 3] iter=17 NEW BEST: matchTypes=0 todayTypes=4 stocks=22 (eff=22) steps=196 endDist=0
2026/09/10 17:16:23 [DAY 3] iter=20 NEW BEST: matchTypes=0 todayTypes=4 stocks=22 (eff=22) steps=194 endDist=0
2026/09/10 17:16:23 [DAY 3] 🎯 THEORETICAL MAXIMUM REACHED (stocks=22/22, todayTypes=4/4, matchTypes=0/0) -> early exit at iter=20!
2026/09/10 17:16:23 [DAY 3] Search completed in 20 iterations. Best: matchTypes=0, todayTypes=4, stocks=22/22, steps=194
2026/09/10 17:16:23 [DAY 3] final plan submitted OK (56ms taken).
2026/09/10 17:16:23 [DAY 3] DEBUG brands all-time=4/8 | dayNewTypes(all-time-basis)=[4]
2026/09/10 17:16:23 [WS] Server sent ActionResult: {"protocol_version":"v0.1-draft","type":"action_result","match_id":"m-26997","day":4,"valid":true,"reason":"","submission_id":"team-A-d4-10","response_ms":84}
2026/09/10 17:16:28 [DAY 4] DEBUG positions: [119 58 15 54 11 119] | fuels: [120 106 98 62 68 0]
2026/09/10 17:16:28 [DAY 4] budget=60 steps | 23 road statuses
2026/09/10 17:16:28 [DAY 4] [P2: Medium (12x12)] Dynamic timeout=800ms (budget=60 steps)...
2026/09/10 17:16:28 [DAY 4] Cache built (14 sources).
2026/09/10 17:16:28 [DAY 4] 🚀 Đã nộp sớm baseline an toàn (stocks=21, types=4) lúc 9ms
2026/09/10 17:16:28 [DAY 4] iter=1 NEW BEST: matchTypes=0 todayTypes=4 stocks=22 (eff=22) steps=230 endDist=0
2026/09/10 17:16:28 [WS] Server sent ActionResult: {"protocol_version":"v0.1-draft","type":"action_result","match_id":"m-26997","day":5,"valid":true,"reason":"","submission_id":"team-A-d5-11","response_ms":218}
2026/09/10 17:16:28 [DAY 4] iter=2 NEW BEST: matchTypes=0 todayTypes=4 stocks=22 (eff=22) steps=223 endDist=0
2026/09/10 17:16:28 [DAY 4] iter=5 NEW BEST: matchTypes=0 todayTypes=4 stocks=22 (eff=22) steps=218 endDist=0
2026/09/10 17:16:28 [DAY 4] iter=9 NEW BEST: matchTypes=0 todayTypes=4 stocks=22 (eff=22) steps=211 endDist=0
2026/09/10 17:16:28 [DAY 4] iter=11 NEW BEST: matchTypes=0 todayTypes=4 stocks=22 (eff=22) steps=209 endDist=0
2026/09/10 17:16:28 [DAY 4] 🎯 THEORETICAL MAXIMUM REACHED (stocks=22/22, todayTypes=4/4, matchTypes=0/0) -> early exit at iter=20!
2026/09/10 17:16:28 [DAY 4] Search completed in 20 iterations. Best: matchTypes=0, todayTypes=4, stocks=22/22, steps=209
2026/09/10 17:16:28 [DAY 4] final plan submitted OK (77ms taken).
2026/09/10 17:16:28 [DAY 4] DEBUG brands all-time=4/8 | dayNewTypes(all-time-basis)=[4]
2026/09/10 17:16:28 [WS] Server sent ActionResult: {"protocol_version":"v0.1-draft","type":"action_result","match_id":"m-26997","day":5,"valid":true,"reason":"","submission_id":"team-A-d5-12","response_ms":287}
2026/09/10 17:16:33 [DAY 5] DEBUG positions: [11 119 97 15 54 81] | fuels: [93 76 68 104 53 0]
2026/09/10 17:16:33 [DAY 5] budget=60 steps | 23 road statuses
2026/09/10 17:16:33 [DAY 5] [P2: Medium (12x12)] Dynamic timeout=800ms (budget=60 steps)...
2026/09/10 17:16:33 [DAY 5] Cache built (14 sources).
2026/09/10 17:16:33 [DAY 5] 🚀 Đã nộp sớm baseline an toàn (stocks=21, types=4) lúc 5ms
2026/09/10 17:16:33 [WS] Server sent ActionResult: {"protocol_version":"v0.1-draft","type":"action_result","match_id":"m-26997","day":6,"valid":true,"reason":"","submission_id":"team-A-d6-13","response_ms":86}
2026/09/10 17:16:33 [DAY 5] iter=2 NEW BEST: matchTypes=0 todayTypes=4 stocks=21 (eff=21) steps=208 endDist=1
2026/09/10 17:16:33 [DAY 5] iter=3 NEW BEST: matchTypes=0 todayTypes=4 stocks=22 (eff=22) steps=209 endDist=0
2026/09/10 17:16:33 [DAY 5] iter=5 NEW BEST: matchTypes=0 todayTypes=4 stocks=22 (eff=22) steps=204 endDist=0
2026/09/10 17:16:33 [DAY 5] 🎯 THEORETICAL MAXIMUM REACHED (stocks=22/22, todayTypes=4/4, matchTypes=0/0) -> early exit at iter=22!
2026/09/10 17:16:33 [DAY 5] Search completed in 22 iterations. Best: matchTypes=0, todayTypes=4, stocks=22/22, steps=204
2026/09/10 17:16:33 [DAY 5] final plan submitted OK (65ms taken).
2026/09/10 17:16:33 [DAY 5] DEBUG brands all-time=4/8 | dayNewTypes(all-time-basis)=[4]
2026/09/10 17:16:33 [WS] Server sent ActionResult: {"protocol_version":"v0.1-draft","type":"action_result","match_id":"m-26997","day":6,"valid":true,"reason":"","submission_id":"team-A-d6-14","response_ms":147}
2026/09/10 17:16:38 [DAY 6] DEBUG positions: [15 11 119 54 19 18] | fuels: [79 50 39 73 119 0]
2026/09/10 17:16:38 [DAY 6] budget=60 steps | 23 road statuses
2026/09/10 17:16:38 [DAY 6] [P2: Medium (12x12)] Dynamic timeout=800ms (budget=60 steps)...
2026/09/10 17:16:38 [DAY 6] Cache built (14 sources).
2026/09/10 17:16:38 [DAY 6] 🚀 Đã nộp sớm baseline an toàn (stocks=22, types=4) lúc 8ms
2026/09/10 17:16:38 [WS] Server sent ActionResult: {"protocol_version":"v0.1-draft","type":"action_result","match_id":"m-26997","day":7,"valid":true,"reason":"","submission_id":"team-A-d7-15","response_ms":90}
2026/09/10 17:16:38 [DAY 6] iter=3 NEW BEST: matchTypes=0 todayTypes=4 stocks=22 (eff=22) steps=217 endDist=0
2026/09/10 17:16:38 [DAY 6] 🎯 THEORETICAL MAXIMUM REACHED (stocks=22/22, todayTypes=4/4, matchTypes=0/0) -> early exit at iter=20!
2026/09/10 17:16:38 [DAY 6] Search completed in 20 iterations. Best: matchTypes=0, todayTypes=4, stocks=22/22, steps=217
2026/09/10 17:16:38 [DAY 6] final plan submitted OK (73ms taken).
2026/09/10 17:16:38 [DAY 6] DEBUG brands all-time=4/8 | dayNewTypes(all-time-basis)=[4]
2026/09/10 17:16:38 [WS] Server sent ActionResult: {"protocol_version":"v0.1-draft","type":"action_result","match_id":"m-26997","day":7,"valid":true,"reason":"","submission_id":"team-A-d7-16","response_ms":156}
2026/09/10 17:16:43 [DAY 7] DEBUG positions: [97 15 11 19 58 21] | fuels: [42 115 104 48 70 0]
2026/09/10 17:16:43 [DAY 7] budget=60 steps | 23 road statuses
2026/09/10 17:16:43 [DAY 7] [P2: Medium (12x12)] Dynamic timeout=800ms (budget=60 steps)...
2026/09/10 17:16:43 [DAY 7] Cache built (14 sources).
2026/09/10 17:16:43 [DAY 7] 🚀 Đã nộp sớm baseline an toàn (stocks=22, types=4) lúc 7ms
2026/09/10 17:16:43 [WS] Server sent ActionResult: {"protocol_version":"v0.1-draft","type":"action_result","match_id":"m-26997","day":8,"valid":true,"reason":"","submission_id":"team-A-d8-17","response_ms":121}
2026/09/10 17:16:43 [DAY 7] iter=3 NEW BEST: matchTypes=0 todayTypes=4 stocks=22 (eff=22) steps=213 endDist=0
2026/09/10 17:16:43 [DAY 7] 🎯 THEORETICAL MAXIMUM REACHED (stocks=22/22, todayTypes=4/4, matchTypes=0/0) -> early exit at iter=20!
2026/09/10 17:16:43 [DAY 7] Search completed in 20 iterations. Best: matchTypes=0, todayTypes=4, stocks=22/22, steps=213
2026/09/10 17:16:43 [DAY 7] final plan submitted OK (67ms taken).
2026/09/10 17:16:43 [DAY 7] DEBUG brands all-time=4/8 | dayNewTypes(all-time-basis)=[4]
2026/09/10 17:16:43 [WS] Server sent ActionResult: {"protocol_version":"v0.1-draft","type":"action_result","match_id":"m-26997","day":8,"valid":true,"reason":"","submission_id":"team-A-d8-18","response_ms":183}
2026/09/10 17:16:48 [DAY 8] DEBUG positions: [11 119 15 58 54 21] | fuels: [117 92 87 113 38 0]
2026/09/10 17:16:48 [DAY 8] budget=60 steps | 23 road statuses
2026/09/10 17:16:48 [DAY 8] [P2: Medium (12x12)] Dynamic timeout=800ms (budget=60 steps)...
2026/09/10 17:16:48 [DAY 8] Cache built (14 sources).
2026/09/10 17:16:48 [DAY 8] 🚀 Đã nộp sớm baseline an toàn (stocks=22, types=4) lúc 4ms
2026/09/10 17:16:48 [WS] Server sent ActionResult: {"protocol_version":"v0.1-draft","type":"action_result","match_id":"m-26997","day":9,"valid":true,"reason":"","submission_id":"team-A-d9-19","response_ms":45}
2026/09/10 17:16:48 [DAY 8] iter=3 NEW BEST: matchTypes=0 todayTypes=4 stocks=22 (eff=22) steps=230 endDist=0
2026/09/10 17:16:48 [DAY 8] iter=4 NEW BEST: matchTypes=0 todayTypes=4 stocks=22 (eff=22) steps=217 endDist=0
2026/09/10 17:16:48 [DAY 8] iter=6 NEW BEST: matchTypes=0 todayTypes=4 stocks=22 (eff=22) steps=203 endDist=0
2026/09/10 17:16:48 [DAY 8] 🎯 THEORETICAL MAXIMUM REACHED (stocks=22/22, todayTypes=4/4, matchTypes=0/0) -> early exit at iter=20!
2026/09/10 17:16:48 [DAY 8] Search completed in 20 iterations. Best: matchTypes=0, todayTypes=4, stocks=22/22, steps=203
2026/09/10 17:16:48 [DAY 8] final plan submitted OK (57ms taken).
2026/09/10 17:16:48 [DAY 8] DEBUG brands all-time=4/8 | dayNewTypes(all-time-basis)=[4]
2026/09/10 17:16:48 [WS] Server sent ActionResult: {"protocol_version":"v0.1-draft","type":"action_result","match_id":"m-26997","day":9,"valid":true,"reason":"","submission_id":"team-A-d9-20","response_ms":97}
2026/09/10 17:16:53 [DAY 9] DEBUG positions: [15 11 97 93 119 8] | fuels: [103 117 97 93 107 0]
2026/09/10 17:16:53 [DAY 9] budget=60 steps | 23 road statuses
2026/09/10 17:16:53 [DAY 9] [P2: Medium (12x12)] Dynamic timeout=800ms (budget=60 steps)...
2026/09/10 17:16:53 [DAY 9] Cache built (14 sources).
2026/09/10 17:16:53 [DAY 9] 🚀 Đã nộp sớm baseline an toàn (stocks=22, types=4) lúc 7ms
2026/09/10 17:16:53 [DAY 9] iter=1 NEW BEST: matchTypes=0 todayTypes=4 stocks=22 (eff=22) steps=202 endDist=0
2026/09/10 17:16:53 [WS] Server sent ActionResult: {"protocol_version":"v0.1-draft","type":"action_result","match_id":"m-26997","day":10,"valid":true,"reason":"","submission_id":"team-A-d10-21","response_ms":74}
2026/09/10 17:16:53 [DAY 9] iter=6 NEW BEST: matchTypes=0 todayTypes=4 stocks=22 (eff=22) steps=194 endDist=0
2026/09/10 17:16:53 [DAY 9] 🎯 THEORETICAL MAXIMUM REACHED (stocks=22/22, todayTypes=4/4, matchTypes=0/0) -> early exit at iter=20!
2026/09/10 17:16:53 [DAY 9] Search completed in 20 iterations. Best: matchTypes=0, todayTypes=4, stocks=22/22, steps=194
2026/09/10 17:16:53 [DAY 9] final plan submitted OK (62ms taken).
2026/09/10 17:16:53 [DAY 9] DEBUG brands all-time=4/8 | dayNewTypes(all-time-basis)=[4]
2026/09/10 17:16:53 [INFO] Match has reached the final day. Waiting for results...
2026/09/10 17:16:53 [WS] Server sent ActionResult: {"protocol_version":"v0.1-draft","type":"action_result","match_id":"m-26997","day":10,"valid":true,"reason":"","submission_id":"team-A-d10-22","response_ms":127}

[RESULT] Match finished successfully!
{"protocol_version":"v0.1-draft","type":"match_result","match_id":"m-26997","standings":[{"rank":1,"team_id":"team-A","udon_types":4,"daily_types_sum":40,"udon_total":220,"response_ms_total":1432},{"rank":2,"team_id":"team-B","udon_types":4,"daily_types_sum":40,"udon_total":213,"response_ms_total":4179},{"rank":3,"team_id":"team-D","udon_types":4,"daily_types_sum":40,"udon_total":211,"response_ms_total":4141},{"rank":4,"team_id":"team-C","udon_types":4,"daily_types_sum":40,"udon_total":211,"response_ms_total":4357}]}
