2026/09/09 22:56:58 [INIT] Transport: WebSocket (server-push, low-latency)
2026/09/09 22:56:58 [WS] Connecting to wss://procon.ptit.edu.vn/ws/v1/matches/m-21698?token=bot-1857604b6fa72b6f0c6f1965
2026/09/09 22:56:58 [WS] Connected!
2026/09/09 22:56:58 [INIT] Fetching setup...
2026/09/09 22:56:58 [INIT] Map 32x32 | agents=8 | spots=12 (maxStocks/day=78) | days=10 | fuelLimit=200
2026/09/09 22:56:58 [INIT] Assigning kinds: [0 0 0 0 0 0 1 1]
2026/09/09 22:56:58 [INIT] Waiting for match to start...
2026/09/09 22:56:58 [INIT] Match started!
2026/09/09 22:56:58 [WS] Server sent ActionResult: {"protocol_version":"v0.1-draft","type":"action_result","match_id":"m-21698","day":0,"valid":true,"reason":"","submission_id":"team-A-assign-1","response_ms":0}
2026/09/09 22:56:58 [DAY 0] Agent positions: [523 840 361 7 194 562 507 426] | fuels: [200 200 200 200 200 200 0 0]
2026/09/09 22:56:58 [DAY 0] DEBUG positions: [523 840 361 7 194 562 507 426] | fuels: [200 200 200 200 200 200 0 0]
2026/09/09 22:56:58 [DAY 0] budget=100 steps | 63 road statuses
2026/09/09 22:56:58 [DAY 0] [P5: Huge (32x32+)] Dynamic timeout=700ms (budget=100 steps)...
2026/09/09 22:56:58 [DAY 0] Cache built (20 sources).
2026/09/09 22:56:59 [DAY 0] Search completed in 519 iterations. Best: matchTypes=6, todayTypes=6, stocks=38/78, steps=604
2026/09/09 22:56:59 [DAY 0] final plan submitted OK (700ms taken).
2026/09/09 22:56:59 [DAY 0] DEBUG brands all-time=6/12 | dayNewTypes(all-time-basis)=[6]
2026/09/09 22:56:59 [WS] Server sent ActionResult: {"protocol_version":"v0.1-draft","type":"action_result","match_id":"m-21698","day":1,"valid":true,"reason":"","submission_id":"team-A-d1-2","response_ms":708}
2026/09/09 22:57:03 [DAY 1] DEBUG positions: [719 223 595 869 940 827 764 719] | fuels: [200 182 155 183 179 198 0 0]
2026/09/09 22:57:03 [DAY 1] budget=100 steps | 63 road statuses
2026/09/09 22:57:03 [DAY 1] [P5: Huge (32x32+)] Dynamic timeout=700ms (budget=100 steps)...
2026/09/09 22:57:03 [DAY 1] Cache built (20 sources).
2026/09/09 22:57:03 [DAY 1] iter=21 NEW BEST: matchTypes=0 todayTypes=6 stocks=39 (eff=39) steps=580 endDist=1
2026/09/09 22:57:04 [DAY 1] iter=337 NEW BEST: matchTypes=0 todayTypes=6 stocks=39 (eff=39) steps=574 endDist=0
2026/09/09 22:57:04 [DAY 1] iter=352 NEW BEST: matchTypes=0 todayTypes=6 stocks=40 (eff=40) steps=621 endDist=0
2026/09/09 22:57:04 [DAY 1] Search completed in 513 iterations. Best: matchTypes=0, todayTypes=6, stocks=40/78, steps=621
2026/09/09 22:57:04 [DAY 1] final plan submitted OK (700ms taken).
2026/09/09 22:57:04 [DAY 1] DEBUG brands all-time=6/12 | dayNewTypes(all-time-basis)=[6]
2026/09/09 22:57:04 [WS] Server sent ActionResult: {"protocol_version":"v0.1-draft","type":"action_result","match_id":"m-21698","day":2,"valid":true,"reason":"","submission_id":"team-A-d2-3","response_ms":721}
2026/09/09 22:57:08 [DAY 2] DEBUG positions: [827 869 4 198 362 719 202 264] | fuels: [145 129 190 196 197 150 0 0]
2026/09/09 22:57:08 [DAY 2] budget=100 steps | 63 road statuses
2026/09/09 22:57:08 [DAY 2] [P5: Huge (32x32+)] Dynamic timeout=700ms (budget=100 steps)...
2026/09/09 22:57:08 [DAY 2] Cache built (20 sources).
2026/09/09 22:57:08 [DAY 2] iter=133 NEW BEST: matchTypes=0 todayTypes=6 stocks=40 (eff=40) steps=582 endDist=0
2026/09/09 22:57:09 [DAY 2] iter=351 NEW BEST: matchTypes=0 todayTypes=6 stocks=40 (eff=40) steps=559 endDist=0
2026/09/09 22:57:09 [DAY 2] Search completed in 488 iterations. Best: matchTypes=0, todayTypes=6, stocks=40/78, steps=559
2026/09/09 22:57:09 [DAY 2] final plan submitted OK (701ms taken).
2026/09/09 22:57:09 [DAY 2] DEBUG brands all-time=6/12 | dayNewTypes(all-time-basis)=[6]
2026/09/09 22:57:09 [WS] Server sent ActionResult: {"protocol_version":"v0.1-draft","type":"action_result","match_id":"m-21698","day":3,"valid":true,"reason":"","submission_id":"team-A-d3-4","response_ms":737}
2026/09/09 22:57:13 [DAY 3] DEBUG positions: [719 4 869 827 595 511 275 4] | fuels: [181 200 168 167 189 178 0 0]
2026/09/09 22:57:13 [DAY 3] budget=100 steps | 63 road statuses
2026/09/09 22:57:13 [DAY 3] [P5: Huge (32x32+)] Dynamic timeout=700ms (budget=100 steps)...
2026/09/09 22:57:13 [DAY 3] Cache built (20 sources).
2026/09/09 22:57:13 [DAY 3] iter=3 NEW BEST: matchTypes=0 todayTypes=6 stocks=39 (eff=39) steps=541 endDist=2
2026/09/09 22:57:13 [DAY 3] iter=12 NEW BEST: matchTypes=0 todayTypes=6 stocks=41 (eff=41) steps=568 endDist=0
2026/09/09 22:57:13 [DAY 3] iter=139 NEW BEST: matchTypes=0 todayTypes=6 stocks=42 (eff=42) steps=612 endDist=0
2026/09/09 22:57:14 [DAY 3] Search completed in 497 iterations. Best: matchTypes=0, todayTypes=6, stocks=42/78, steps=612
2026/09/09 22:57:14 [DAY 3] final plan submitted OK (701ms taken).
2026/09/09 22:57:14 [DAY 3] DEBUG brands all-time=6/12 | dayNewTypes(all-time-basis)=[6]
2026/09/09 22:57:14 [WS] Server sent ActionResult: {"protocol_version":"v0.1-draft","type":"action_result","match_id":"m-21698","day":4,"valid":true,"reason":"","submission_id":"team-A-d4-5","response_ms":746}
2026/09/09 22:57:18 [DAY 4] DEBUG positions: [827 869 511 362 212 4 274 668] | fuels: [194 140 177 175 132 131 0 0]
2026/09/09 22:57:18 [DAY 4] budget=100 steps | 63 road statuses
2026/09/09 22:57:18 [DAY 4] [P5: Huge (32x32+)] Dynamic timeout=700ms (budget=100 steps)...
2026/09/09 22:57:18 [DAY 4] Cache built (20 sources).
2026/09/09 22:57:18 [DAY 4] iter=35 NEW BEST: matchTypes=0 todayTypes=6 stocks=42 (eff=40) steps=600 endDist=151
2026/09/09 22:57:19 [DAY 4] iter=283 NEW BEST: matchTypes=0 todayTypes=6 stocks=41 (eff=41) steps=586 endDist=0
2026/09/09 22:57:19 [DAY 4] Search completed in 479 iterations. Best: matchTypes=0, todayTypes=6, stocks=41/78, steps=586
2026/09/09 22:57:19 [DAY 4] final plan submitted OK (701ms taken).
2026/09/09 22:57:19 [DAY 4] DEBUG brands all-time=6/12 | dayNewTypes(all-time-basis)=[6]
2026/09/09 22:57:19 [WS] Server sent ActionResult: {"protocol_version":"v0.1-draft","type":"action_result","match_id":"m-21698","day":5,"valid":true,"reason":"","submission_id":"team-A-d5-6","response_ms":714}
2026/09/09 22:57:23 [DAY 5] DEBUG positions: [198 4 940 719 362 511 431 624] | fuels: [143 167 124 116 73 163 0 0]
2026/09/09 22:57:23 [DAY 5] budget=100 steps | 63 road statuses
2026/09/09 22:57:23 [DAY 5] [P5: Huge (32x32+)] Dynamic timeout=700ms (budget=100 steps)...
2026/09/09 22:57:23 [DAY 5] Cache built (20 sources).
2026/09/09 22:57:23 [DAY 5] iter=14 NEW BEST: matchTypes=0 todayTypes=6 stocks=39 (eff=39) steps=591 endDist=0
2026/09/09 22:57:24 [DAY 5] Search completed in 460 iterations. Best: matchTypes=0, todayTypes=6, stocks=39/78, steps=591
2026/09/09 22:57:24 [DAY 5] final plan submitted OK (701ms taken).
2026/09/09 22:57:24 [DAY 5] DEBUG brands all-time=6/12 | dayNewTypes(all-time-basis)=[6]
2026/09/09 22:57:24 [WS] Server sent ActionResult: {"protocol_version":"v0.1-draft","type":"action_result","match_id":"m-21698","day":6,"valid":true,"reason":"","submission_id":"team-A-d6-7","response_ms":728}
2026/09/09 22:57:28 [DAY 6] DEBUG positions: [869 940 198 827 719 362 719 827] | fuels: [183 121 176 200 200 188 0 0]
2026/09/09 22:57:28 [DAY 6] budget=100 steps | 63 road statuses
2026/09/09 22:57:28 [DAY 6] [P5: Huge (32x32+)] Dynamic timeout=700ms (budget=100 steps)...
2026/09/09 22:57:28 [DAY 6] Cache built (20 sources).
2026/09/09 22:57:28 [DAY 6] iter=8 NEW BEST: matchTypes=0 todayTypes=6 stocks=39 (eff=39) steps=600 endDist=0
2026/09/09 22:57:28 [DAY 6] iter=213 NEW BEST: matchTypes=0 todayTypes=6 stocks=39 (eff=39) steps=591 endDist=0
2026/09/09 22:57:29 [DAY 6] iter=392 NEW BEST: matchTypes=0 todayTypes=6 stocks=40 (eff=40) steps=601 endDist=1
2026/09/09 22:57:29 [DAY 6] iter=450 NEW BEST: matchTypes=0 todayTypes=6 stocks=40 (eff=40) steps=584 endDist=0
2026/09/09 22:57:29 [DAY 6] Search completed in 450 iterations. Best: matchTypes=0, todayTypes=6, stocks=40/78, steps=584
2026/09/09 22:57:29 [DAY 6] final plan submitted OK (700ms taken).
2026/09/09 22:57:29 [DAY 6] DEBUG brands all-time=6/12 | dayNewTypes(all-time-basis)=[6]
2026/09/09 22:57:29 [WS] Server sent ActionResult: {"protocol_version":"v0.1-draft","type":"action_result","match_id":"m-21698","day":7,"valid":true,"reason":"","submission_id":"team-A-d7-8","response_ms":742}
2026/09/09 22:57:33 [DAY 7] DEBUG positions: [198 362 223 719 827 869 362 605] | fuels: [169 200 188 154 192 134 0 0]
2026/09/09 22:57:33 [DAY 7] budget=100 steps | 63 road statuses
2026/09/09 22:57:33 [DAY 7] [P5: Huge (32x32+)] Dynamic timeout=700ms (budget=100 steps)...
2026/09/09 22:57:33 [DAY 7] Cache built (20 sources).
2026/09/09 22:57:33 [DAY 7] iter=1 NEW BEST: matchTypes=0 todayTypes=6 stocks=37 (eff=37) steps=555 endDist=0
2026/09/09 22:57:33 [DAY 7] iter=6 NEW BEST: matchTypes=0 todayTypes=6 stocks=39 (eff=39) steps=566 endDist=0
2026/09/09 22:57:34 [DAY 7] iter=344 NEW BEST: matchTypes=0 todayTypes=6 stocks=40 (eff=40) steps=604 endDist=1
2026/09/09 22:57:34 [DAY 7] iter=504 NEW BEST: matchTypes=0 todayTypes=6 stocks=40 (eff=40) steps=545 endDist=0
2026/09/09 22:57:34 [DAY 7] Search completed in 507 iterations. Best: matchTypes=0, todayTypes=6, stocks=40/78, steps=545
2026/09/09 22:57:34 [DAY 7] final plan submitted OK (702ms taken).
2026/09/09 22:57:34 [DAY 7] DEBUG brands all-time=6/12 | dayNewTypes(all-time-basis)=[6]
2026/09/09 22:57:34 [WS] Server sent ActionResult: {"protocol_version":"v0.1-draft","type":"action_result","match_id":"m-21698","day":8,"valid":true,"reason":"","submission_id":"team-A-d8-9","response_ms":710}
2026/09/09 22:57:38 [DAY 8] DEBUG positions: [511 719 362 827 198 4 199 638] | fuels: [196 145 150 192 199 192 0 0]
2026/09/09 22:57:38 [DAY 8] budget=100 steps | 63 road statuses
2026/09/09 22:57:38 [DAY 8] [P5: Huge (32x32+)] Dynamic timeout=700ms (budget=100 steps)...
2026/09/09 22:57:38 [DAY 8] Cache built (20 sources).
2026/09/09 22:57:38 [DAY 8] iter=14 NEW BEST: matchTypes=0 todayTypes=6 stocks=38 (eff=38) steps=552 endDist=0
2026/09/09 22:57:38 [DAY 8] iter=42 NEW BEST: matchTypes=0 todayTypes=6 stocks=39 (eff=39) steps=617 endDist=0
2026/09/09 22:57:38 [DAY 8] iter=63 NEW BEST: matchTypes=0 todayTypes=6 stocks=40 (eff=40) steps=612 endDist=0
2026/09/09 22:57:39 [DAY 8] iter=262 NEW BEST: matchTypes=0 todayTypes=6 stocks=40 (eff=40) steps=567 endDist=0
2026/09/09 22:57:39 [DAY 8] Search completed in 496 iterations. Best: matchTypes=0, todayTypes=6, stocks=40/78, steps=567
2026/09/09 22:57:39 [DAY 8] final plan submitted OK (701ms taken).
2026/09/09 22:57:39 [DAY 8] DEBUG brands all-time=6/12 | dayNewTypes(all-time-basis)=[6]
2026/09/09 22:57:39 [WS] Server sent ActionResult: {"protocol_version":"v0.1-draft","type":"action_result","match_id":"m-21698","day":9,"valid":true,"reason":"","submission_id":"team-A-d9-10","response_ms":727}
2026/09/09 22:57:43 [DAY 9] DEBUG positions: [4 198 940 719 827 869 198 594] | fuels: [193 200 167 192 148 175 0 0]
2026/09/09 22:57:43 [DAY 9] budget=100 steps | 63 road statuses
2026/09/09 22:57:43 [DAY 9] [P5: Huge (32x32+)] Dynamic timeout=700ms (budget=100 steps)...
2026/09/09 22:57:43 [DAY 9] Cache built (20 sources).
2026/09/09 22:57:43 [DAY 9] iter=10 NEW BEST: matchTypes=0 todayTypes=6 stocks=38 (eff=38) steps=546 endDist=0
2026/09/09 22:57:43 [DAY 9] iter=43 NEW BEST: matchTypes=0 todayTypes=6 stocks=40 (eff=40) steps=635 endDist=2
2026/09/09 22:57:44 [DAY 9] iter=436 NEW BEST: matchTypes=0 todayTypes=6 stocks=40 (eff=40) steps=587 endDist=0
2026/09/09 22:57:44 [DAY 9] Search completed in 502 iterations. Best: matchTypes=0, todayTypes=6, stocks=40/78, steps=587
2026/09/09 22:57:44 [DAY 9] final plan submitted OK (700ms taken).
2026/09/09 22:57:44 [DAY 9] DEBUG brands all-time=6/12 | dayNewTypes(all-time-basis)=[6]
2026/09/09 22:57:44 [INFO] Match has reached the final day. Waiting for results...
2026/09/09 22:57:44 [WS] Server sent ActionResult: {"protocol_version":"v0.1-draft","type":"action_result","match_id":"m-21698","day":10,"valid":true,"reason":"","submission_id":"team-A-d10-11","response_ms":751}

[RESULT] Match finished successfully!
{"protocol_version":"v0.1-draft","type":"match_result","match_id":"m-21698","standings":[{"rank":1,"team_id":"team-D","udon_types":6,"daily_types_sum":60,"udon_total":413,"response_ms_total":9632},{"rank":2,"team_id":"team-A","udon_types":6,"daily_types_sum":60,"udon_total":400,"response_ms_total":7284},{"rank":3,"team_id":"team-C","udon_types":6,"daily_types_sum":60,"udon_total":332,"response_ms_total":9100},{"rank":4,"team_id":"team-B","udon_types":6,"daily_types_sum":60,"udon_total":331,"response_ms_total":8177}]}

============================================================
=== MATCH: m-25776 | TRANSPORT: ws ===
============================================================
2026/09/10 11:40:26 [INIT] Logging match output to console and: logs\match_m-25776.log (all matches in logs\matches.log)
2026/09/10 11:40:26 [INIT] Transport: WebSocket (server-push, low-latency)
2026/09/10 11:40:26 [WS] Connecting to wss://procon.ptit.edu.vn/ws/v1/matches/m-25776?token=bot-1857604b6fa72b6f0c6f1965
2026/09/10 11:40:26 [WS] Connected!
2026/09/10 11:40:26 [INIT] Fetching setup...
2026/09/10 11:40:26 [INIT] Map 8x8 | agents=4 | spots=8 (maxStocks/day=17) | days=4 | fuelLimit=60
2026/09/10 11:40:26 [INIT] Assigning kinds: [0 0 0 0]
2026/09/10 11:40:26 [INIT] Waiting for match to start...
2026/09/10 11:40:26 [INIT] Match started!
2026/09/10 11:40:26 [WS] Server sent ActionResult: {"protocol_version":"v0.1-draft","type":"action_result","match_id":"m-25776","day":0,"valid":true,"reason":"","submission_id":"team-A-assign-1","response_ms":0}
2026/09/10 11:40:26 [DAY 0] Agent positions: [48 63 19 46] | fuels: [60 60 60 60]
2026/09/10 11:40:26 [DAY 0] DEBUG positions: [48 63 19 46] | fuels: [60 60 60 60]
2026/09/10 11:40:26 [DAY 0] budget=30 steps | 8 road statuses
2026/09/10 11:40:26 [DAY 0] [P1: Micro (8x8)] Dynamic timeout=280ms (budget=30 steps)...
2026/09/10 11:40:26 [DAY 0] Cache built (12 sources).
2026/09/10 11:40:26 [DAY 0] iter=1 NEW BEST: matchTypes=4 todayTypes=4 stocks=16 (eff=16) steps=111 endDist=0
2026/09/10 11:40:26 [DAY 0] iter=6 NEW BEST: matchTypes=4 todayTypes=4 stocks=17 (eff=17) steps=110 endDist=0
2026/09/10 11:40:26 [DAY 0] 🎯 THEORETICAL MAXIMUM REACHED (stocks=17/17, todayTypes=4/4, matchTypes=4/4) -> early exit at iter=25!
2026/09/10 11:40:26 [DAY 0] Search completed in 25 iterations. Best: matchTypes=4, todayTypes=4, stocks=17/17, steps=110
2026/09/10 11:40:26 [DAY 0] final plan submitted OK (14ms taken).
2026/09/10 11:40:26 [DAY 0] DEBUG brands all-time=4/8 | dayNewTypes(all-time-basis)=[4]
2026/09/10 11:40:26 [WS] Server sent ActionResult: {"protocol_version":"v0.1-draft","type":"action_result","match_id":"m-25776","day":1,"valid":true,"reason":"","submission_id":"team-A-d1-2","response_ms":25}
2026/09/10 11:40:31 [DAY 1] DEBUG positions: [15 8 40 3] | fuels: [34 42 43 36]
2026/09/10 11:40:31 [DAY 1] budget=30 steps | 8 road statuses
2026/09/10 11:40:31 [DAY 1] [P1: Micro (8x8)] Dynamic timeout=280ms (budget=30 steps)...
2026/09/10 11:40:31 [DAY 1] Cache built (12 sources).
2026/09/10 11:40:31 [DAY 1] 🎯 THEORETICAL MAXIMUM REACHED (stocks=17/17, todayTypes=4/4, matchTypes=0/0) -> early exit at iter=20!
2026/09/10 11:40:31 [DAY 1] Search completed in 20 iterations. Best: matchTypes=0, todayTypes=4, stocks=17/17, steps=89
2026/09/10 11:40:31 [DAY 1] final plan submitted OK (19ms taken).
2026/09/10 11:40:31 [DAY 1] DEBUG brands all-time=4/8 | dayNewTypes(all-time-basis)=[4]
2026/09/10 11:40:31 [WS] Server sent ActionResult: {"protocol_version":"v0.1-draft","type":"action_result","match_id":"m-25776","day":2,"valid":true,"reason":"","submission_id":"team-A-d2-3","response_ms":49}
2026/09/10 11:40:36 [DAY 2] DEBUG positions: [40 61 15 8] | fuels: [21 28 24 18]
2026/09/10 11:40:36 [DAY 2] budget=30 steps | 8 road statuses
2026/09/10 11:40:36 [DAY 2] [P1: Micro (8x8)] Dynamic timeout=280ms (budget=30 steps)...
2026/09/10 11:40:36 [DAY 2] Cache built (12 sources).
2026/09/10 11:40:36 [DAY 2] iter=1 NEW BEST: matchTypes=0 todayTypes=4 stocks=15 (eff=15) steps=76 endDist=0
2026/09/10 11:40:36 [DAY 2] iter=2 NEW BEST: matchTypes=0 todayTypes=4 stocks=16 (eff=16) steps=93 endDist=0
2026/09/10 11:40:36 [DAY 2] iter=6 NEW BEST: matchTypes=0 todayTypes=4 stocks=16 (eff=16) steps=81 endDist=0
2026/09/10 11:40:36 [DAY 2] iter=31 NEW BEST: matchTypes=0 todayTypes=4 stocks=17 (eff=17) steps=103 endDist=0
2026/09/10 11:40:36 [DAY 2] iter=33 NEW BEST: matchTypes=0 todayTypes=4 stocks=17 (eff=17) steps=97 endDist=0
2026/09/10 11:40:36 [DAY 2] 🎯 THEORETICAL MAXIMUM REACHED (stocks=17/17, todayTypes=4/4, matchTypes=0/0) -> early exit at iter=50!
2026/09/10 11:40:36 [DAY 2] Search completed in 50 iterations. Best: matchTypes=0, todayTypes=4, stocks=17/17, steps=97
2026/09/10 11:40:36 [DAY 2] final plan submitted OK (30ms taken).
2026/09/10 11:40:36 [DAY 2] DEBUG brands all-time=4/8 | dayNewTypes(all-time-basis)=[4]
2026/09/10 11:40:36 [WS] Server sent ActionResult: {"protocol_version":"v0.1-draft","type":"action_result","match_id":"m-25776","day":3,"valid":true,"reason":"","submission_id":"team-A-d3-4","response_ms":79}
2026/09/10 11:40:41 [DAY 3] DEBUG positions: [15 3 8 43] | fuels: [9 13 8 1]
2026/09/10 11:40:41 [WARNING] CRITICAL LOW FUEL ALERT: Day 3 Agent 0 has ONLY 9 fuel remaining!
2026/09/10 11:40:41 [WARNING] CRITICAL LOW FUEL ALERT: Day 3 Agent 1 has ONLY 13 fuel remaining!
2026/09/10 11:40:41 [WARNING] CRITICAL LOW FUEL ALERT: Day 3 Agent 2 has ONLY 8 fuel remaining!
2026/09/10 11:40:41 [WARNING] CRITICAL LOW FUEL ALERT: Day 3 Agent 3 has ONLY 1 fuel remaining!
2026/09/10 11:40:41 [DAY 3] budget=30 steps | 8 road statuses
2026/09/10 11:40:41 [DAY 3] [P1: Micro (8x8)] Dynamic timeout=280ms (budget=30 steps)...
2026/09/10 11:40:41 [DAY 3] Cache built (12 sources).
2026/09/10 11:40:41 [DAY 3] iter=14 NEW BEST: matchTypes=0 todayTypes=4 stocks=12 (eff=12) steps=48 endDist=0
2026/09/10 11:40:41 [DAY 3] ⏹️ Converged after 60 iters with no improvement (total 74 iters) -> early exit!
2026/09/10 11:40:41 [DAY 3] Search completed in 74 iterations. Best: matchTypes=0, todayTypes=4, stocks=12/17, steps=48
2026/09/10 11:40:41 [DAY 3] final plan submitted OK (22ms taken).
2026/09/10 11:40:41 [DAY 3] DEBUG brands all-time=4/8 | dayNewTypes(all-time-basis)=[4]
2026/09/10 11:40:41 [INFO] Match has reached the final day. Waiting for results...
2026/09/10 11:40:41 [WS] Server sent ActionResult: {"protocol_version":"v0.1-draft","type":"action_result","match_id":"m-25776","day":4,"valid":true,"reason":"","submission_id":"team-A-d4-5","response_ms":62}

[RESULT] Match finished successfully!
{"protocol_version":"v0.1-draft","type":"match_result","match_id":"m-25776","standings":[{"rank":1,"team_id":"team-A","udon_types":4,"daily_types_sum":16,"udon_total":63,"response_ms_total":215},{"rank":2,"team_id":"team-B","udon_types":4,"daily_types_sum":16,"udon_total":50,"response_ms_total":1170}]}

============================================================
=== MATCH: m-0023 | TRANSPORT: ws ===
============================================================
2026/09/10 16:33:42 [INIT] Logging match output to console and: logs\match_m-0023.log (all matches in logs\matches.log)
2026/09/10 16:33:42 [INIT] Transport: WebSocket (server-push, low-latency)
2026/09/10 16:33:42 [WS] Connecting to wss://procon.toiyeuptit.com/ws/v1/matches/m-0023?token=bot-0be5503eaaa0a659a8a6c99d
2026/09/10 16:33:42 [WS] Connected!
2026/09/10 16:33:42 [INIT] Fetching setup...
2026/09/10 16:33:42 [INIT] Map 12x12 | agents=4 | spots=8 (maxStocks/day=17) | days=6 | fuelLimit=96
2026/09/10 16:33:42 [INIT] Assigning kinds: [0 0 0 1]
2026/09/10 16:33:42 [INIT] Waiting for match to start...
2026/09/10 16:33:42 [INIT] Match started!
2026/09/10 16:33:42 [DAY 0] Agent positions: [6 62 68 115] | fuels: [96 96 96 96]
2026/09/10 16:33:42 [DAY 0] DEBUG positions: [6 62 68 115] | fuels: [96 96 96 96]
2026/09/10 16:33:42 [DAY 0] budget=48 steps | 23 road statuses
2026/09/10 16:33:42 [DAY 0] [P2: Medium (12x12)] Dynamic timeout=400ms (budget=48 steps)...
2026/09/10 16:33:42 [DAY 0] Cache built (12 sources).
2026/09/10 16:33:42 [DAY 0] iter=1 NEW BEST: matchTypes=4 todayTypes=4 stocks=15 (eff=15) steps=109 endDist=0
2026/09/10 16:33:42 [DAY 0] iter=2 NEW BEST: matchTypes=4 todayTypes=4 stocks=15 (eff=15) steps=107 endDist=0
2026/09/10 16:33:42 [WS] Server sent ActionResult: {"protocol_version":"","type":"","match_id":"","day":0,"valid":false,"reason":"E_BAD_FORMAT: json: cannot unmarshal number into Go value of type []int","submission_id":"","response_ms":0}
2026/09/10 16:33:42 [DAY 0] iter=33 NEW BEST: matchTypes=4 todayTypes=4 stocks=15 (eff=15) steps=106 endDist=0
2026/09/10 16:33:42 [DAY 0] iter=40 NEW BEST: matchTypes=4 todayTypes=4 stocks=15 (eff=15) steps=105 endDist=0
2026/09/10 16:33:42 [DAY 0] ⏹️ Converged after 120 iters with no improvement (total 160 iters) -> early exit!
2026/09/10 16:33:42 [DAY 0] Search completed in 160 iterations. Best: matchTypes=4, todayTypes=4, stocks=15/17, steps=105
2026/09/10 16:33:42 [DAY 0] final plan submitted OK (215ms taken).
2026/09/10 16:33:42 [DAY 0] DEBUG brands all-time=4/8 | dayNewTypes(all-time-basis)=[4]
2026/09/10 16:33:42 [WS] Server sent ActionResult: {"protocol_version":"v0.1-draft","type":"action_result","match_id":"m-0023","day":1,"valid":true,"reason":"","submission_id":"team-D-d1-1001","response_ms":8595}
2026/09/10 16:34:04 [DAY 1] DEBUG positions: [142 8 108 142] | fuels: [64 82 69 92]
2026/09/10 16:34:04 [DAY 1] budget=48 steps | 23 road statuses
2026/09/10 16:34:04 [DAY 1] [P2: Medium (12x12)] Dynamic timeout=400ms (budget=48 steps)...
2026/09/10 16:34:04 [DAY 1] Cache built (12 sources).
2026/09/10 16:34:04 [DAY 1] iter=2 NEW BEST: matchTypes=0 todayTypes=4 stocks=15 (eff=15) steps=101 endDist=0
2026/09/10 16:34:04 [DAY 1] iter=25 NEW BEST: matchTypes=0 todayTypes=4 stocks=15 (eff=15) steps=98 endDist=0
2026/09/10 16:34:04 [DAY 1] ⏹️ Converged after 80 iters with no improvement (total 105 iters) -> early exit!
2026/09/10 16:34:04 [DAY 1] Search completed in 105 iterations. Best: matchTypes=0, todayTypes=4, stocks=15/17, steps=98
2026/09/10 16:34:04 [DAY 1] final plan submitted OK (167ms taken).
2026/09/10 16:34:04 [DAY 1] DEBUG brands all-time=4/8 | dayNewTypes(all-time-basis)=[4]
2026/09/10 16:34:04 [WS] Server sent ActionResult: {"protocol_version":"v0.1-draft","type":"action_result","match_id":"m-0023","day":2,"valid":true,"reason":"","submission_id":"team-D-d2-1002","response_ms":402}
2026/09/10 16:34:34 [DAY 2] DEBUG positions: [40 74 34 42] | fuels: [41 66 46 82]
2026/09/10 16:34:34 [DAY 2] budget=48 steps | 23 road statuses
2026/09/10 16:34:34 [DAY 2] [P2: Medium (12x12)] Dynamic timeout=400ms (budget=48 steps)...
2026/09/10 16:34:34 [DAY 2] Cache built (12 sources).
2026/09/10 16:34:34 [DAY 2] iter=1 NEW BEST: matchTypes=0 todayTypes=4 stocks=15 (eff=15) steps=106 endDist=0
2026/09/10 16:34:34 [DAY 2] ⏹️ Converged after 80 iters with no improvement (total 81 iters) -> early exit!
2026/09/10 16:34:34 [DAY 2] Search completed in 81 iterations. Best: matchTypes=0, todayTypes=4, stocks=15/17, steps=106
2026/09/10 16:34:34 [DAY 2] final plan submitted OK (148ms taken).
2026/09/10 16:34:34 [DAY 2] DEBUG brands all-time=4/8 | dayNewTypes(all-time-basis)=[4]
2026/09/10 16:34:34 [WS] Server sent ActionResult: {"protocol_version":"v0.1-draft","type":"action_result","match_id":"m-0023","day":3,"valid":true,"reason":"","submission_id":"team-D-d3-1003","response_ms":175}
2026/09/10 16:35:04 [DAY 3] DEBUG positions: [8 108 142 90] | fuels: [25 26 19 75]
2026/09/10 16:35:04 [DAY 3] budget=48 steps | 23 road statuses
2026/09/10 16:35:04 [DAY 3] [P2: Medium (12x12)] Dynamic timeout=400ms (budget=48 steps)...
2026/09/10 16:35:04 [DAY 3] Cache built (12 sources).
2026/09/10 16:35:04 [DAY 3] iter=4 NEW BEST: matchTypes=0 todayTypes=4 stocks=15 (eff=15) steps=106 endDist=0
2026/09/10 16:35:04 [DAY 3] ⏹️ Converged after 80 iters with no improvement (total 84 iters) -> early exit!
2026/09/10 16:35:04 [DAY 3] Search completed in 84 iterations. Best: matchTypes=0, todayTypes=4, stocks=15/17, steps=106
2026/09/10 16:35:04 [SAFETY GUARD] 🛡️ Xe 2 dừng an toàn tại bước 35 (fuel=0, cần=2, bước còn=14) -> Tránh E_NO_FUEL/lỗi server!
2026/09/10 16:35:04 [DAY 3] final plan submitted OK (154ms taken).
2026/09/10 16:35:04 [DAY 3] DEBUG brands all-time=4/8 | dayNewTypes(all-time-basis)=[4]
2026/09/10 16:35:04 [WS] Server sent ActionResult: {"protocol_version":"v0.1-draft","type":"action_result","match_id":"m-0023","day":4,"valid":true,"reason":"","submission_id":"team-D-d4-1004","response_ms":291}
2026/09/10 16:35:34 [DAY 4] DEBUG positions: [40 57 30 8] | fuels: [13 2 0 56]
2026/09/10 16:35:34 [WARNING] CRITICAL LOW FUEL ALERT: Day 4 Agent 0 has ONLY 13 fuel remaining!
2026/09/10 16:35:34 [WARNING] CRITICAL LOW FUEL ALERT: Day 4 Agent 1 has ONLY 2 fuel remaining!
2026/09/10 16:35:34 [WARNING] CRITICAL LOW FUEL ALERT: Day 4 Agent 2 has ONLY 0 fuel remaining!
2026/09/10 16:35:34 [DAY 4] budget=48 steps | 23 road statuses
2026/09/10 16:35:34 [DAY 4] [P2: Medium (12x12)] Dynamic timeout=400ms (budget=48 steps)...
2026/09/10 16:35:34 [DAY 4] Cache built (12 sources).
2026/09/10 16:35:34 [DAY 4] iter=2 NEW BEST: matchTypes=0 todayTypes=4 stocks=10 (eff=10) steps=90 endDist=0
2026/09/10 16:35:34 [DAY 4] iter=3 NEW BEST: matchTypes=0 todayTypes=4 stocks=11 (eff=11) steps=88 endDist=0
2026/09/10 16:35:34 [DAY 4] ⏹️ Converged after 80 iters with no improvement (total 83 iters) -> early exit!
2026/09/10 16:35:34 [DAY 4] Search completed in 83 iterations. Best: matchTypes=0, todayTypes=4, stocks=11/17, steps=88
2026/09/10 16:35:34 [DAY 4] final plan submitted OK (78ms taken).
2026/09/10 16:35:34 [DAY 4] DEBUG brands all-time=4/8 | dayNewTypes(all-time-basis)=[4]
2026/09/10 16:35:34 [WS] Server sent ActionResult: {"protocol_version":"v0.1-draft","type":"action_result","match_id":"m-0023","day":5,"valid":false,"reason":"E_NO_FUEL (xe 2, bước 8): không đủ nhiên liệu để di chuyển (còn 0, cần 2)","submission_id":"team-D-d5-1005","response_ms":131}
2026/09/10 16:36:04 [DAY 5] DEBUG positions: [40 57 30 8] | fuels: [13 2 0 56]
2026/09/10 16:36:04 [WARNING] CRITICAL LOW FUEL ALERT: Day 5 Agent 0 has ONLY 13 fuel remaining!
2026/09/10 16:36:04 [WARNING] CRITICAL LOW FUEL ALERT: Day 5 Agent 1 has ONLY 2 fuel remaining!
2026/09/10 16:36:04 [WARNING] CRITICAL LOW FUEL ALERT: Day 5 Agent 2 has ONLY 0 fuel remaining!
2026/09/10 16:36:04 [DAY 5] budget=48 steps | 23 road statuses
2026/09/10 16:36:04 [DAY 5] [P2: Medium (12x12)] Dynamic timeout=400ms (budget=48 steps)...
2026/09/10 16:36:04 [DAY 5] Cache built (12 sources).
2026/09/10 16:36:04 [DAY 5] ⏹️ Converged after 80 iters with no improvement (total 80 iters) -> early exit!
2026/09/10 16:36:04 [DAY 5] Search completed in 80 iterations. Best: matchTypes=0, todayTypes=4, stocks=6/17, steps=59
2026/09/10 16:36:04 [DAY 5] final plan submitted OK (63ms taken).
2026/09/10 16:36:04 [DAY 5] DEBUG brands all-time=4/8 | dayNewTypes(all-time-basis)=[4]
2026/09/10 16:36:04 [INFO] Match has reached the final day. Waiting for results...
2026/09/10 16:36:04 [WS] Server sent ActionResult: {"protocol_version":"v0.1-draft","type":"action_result","match_id":"m-0023","day":6,"valid":false,"reason":"E_NO_FUEL (xe 2, bước 39): không đủ nhiên liệu để di chuyển (còn 0, cần 2)","submission_id":"team-D-d6-1006","response_ms":204}

[RESULT] Match finished successfully!
{"protocol_version":"v0.1-draft","type":"match_result","match_id":"m-0023","standings":[{"rank":1,"team_id":"team-F","udon_types":4,"daily_types_sum":24,"udon_total":98,"response_ms_total":8982},{"rank":2,"team_id":"team-A","udon_types":4,"daily_types_sum":24,"udon_total":82,"response_ms_total":3036},{"rank":3,"team_id":"team-D","udon_types":4,"daily_types_sum":22,"udon_total":67,"response_ms_total":69463},{"rank":4,"team_id":"team-B","udon_types":0,"daily_types_sum":0,"udon_total":0,"response_ms_total":180000},{"rank":4,"team_id":"team-C","udon_types":0,"daily_types_sum":0,"udon_total":0,"response_ms_total":180000},{"rank":4,"team_id":"team-E","udon_types":0,"daily_types_sum":0,"udon_total":0,"response_ms_total":180000}]}

============================================================
=== MATCH: m-0035 | TRANSPORT: ws ===
============================================================
2026/09/10 16:39:36 [INIT] Logging match output to console and: logs\match_m-0035.log (all matches in logs\matches.log)
2026/09/10 16:39:36 [INIT] Transport: WebSocket (server-push, low-latency)
2026/09/10 16:39:36 [WS] Connecting to wss://procon.toiyeuptit.com/ws/v1/matches/m-0035?token=bot-0be5503eaaa0a659a8a6c99d
2026/09/10 16:39:37 [WS] Connected!
2026/09/10 16:39:37 [INIT] Fetching setup...
2026/09/10 16:39:37 [INIT] Map 12x12 | agents=4 | spots=8 (maxStocks/day=27) | days=6 | fuelLimit=120
2026/09/10 16:39:37 [INIT] Assigning kinds: [0 0 0 1]
2026/09/10 16:39:37 [INIT] Waiting for match to start...
2026/09/10 16:39:37 [INIT] Match started!
2026/09/10 16:39:37 [DAY 0] Agent positions: [0 20 60 88] | fuels: [120 120 120 120]
2026/09/10 16:39:37 [DAY 0] DEBUG positions: [0 20 60 88] | fuels: [120 120 120 120]
2026/09/10 16:39:37 [DAY 0] budget=48 steps | 22 road statuses
2026/09/10 16:39:37 [DAY 0] [P2: Medium (12x12)] Dynamic timeout=400ms (budget=48 steps)...
2026/09/10 16:39:37 [DAY 0] Cache built (12 sources).
2026/09/10 16:39:37 [DAY 0] iter=1 NEW BEST: matchTypes=4 todayTypes=4 stocks=17 (eff=17) steps=142 endDist=0
2026/09/10 16:39:37 [DAY 0] iter=2 NEW BEST: matchTypes=4 todayTypes=4 stocks=18 (eff=18) steps=152 endDist=0
2026/09/10 16:39:37 [WS] Server sent ActionResult: {"protocol_version":"","type":"","match_id":"","day":0,"valid":false,"reason":"E_BAD_FORMAT: json: cannot unmarshal number into Go value of type []int","submission_id":"","response_ms":0}
2026/09/10 16:39:37 [DAY 0] ⏹️ Converged after 120 iters with no improvement (total 122 iters) -> early exit!
2026/09/10 16:39:37 [DAY 0] Search completed in 122 iterations. Best: matchTypes=4, todayTypes=4, stocks=18/27, steps=152
2026/09/10 16:39:37 [DAY 0] final plan submitted OK (109ms taken).
2026/09/10 16:39:37 [DAY 0] DEBUG brands all-time=4/8 | dayNewTypes(all-time-basis)=[4]
2026/09/10 16:39:37 [WS] Server sent ActionResult: {"protocol_version":"v0.1-draft","type":"action_result","match_id":"m-0035","day":1,"valid":true,"reason":"","submission_id":"team-D-d1-1001","response_ms":1428}
2026/09/10 16:40:05 [DAY 1] DEBUG positions: [142 122 95 142] | fuels: [85 94 92 110]
2026/09/10 16:40:05 [DAY 1] budget=48 steps | 22 road statuses
2026/09/10 16:40:05 [DAY 1] [P2: Medium (12x12)] Dynamic timeout=400ms (budget=48 steps)...
2026/09/10 16:40:05 [DAY 1] Cache built (12 sources).
2026/09/10 16:40:05 [DAY 1] iter=14 NEW BEST: matchTypes=0 todayTypes=4 stocks=18 (eff=18) steps=146 endDist=0
2026/09/10 16:40:05 [DAY 1] ⏹️ Converged after 80 iters with no improvement (total 94 iters) -> early exit!
2026/09/10 16:40:05 [DAY 1] Search completed in 94 iterations. Best: matchTypes=0, todayTypes=4, stocks=18/27, steps=146
2026/09/10 16:40:05 [DAY 1] final plan submitted OK (70ms taken).
2026/09/10 16:40:05 [DAY 1] DEBUG brands all-time=4/8 | dayNewTypes(all-time-basis)=[4]
2026/09/10 16:40:06 [WS] Server sent ActionResult: {"protocol_version":"v0.1-draft","type":"action_result","match_id":"m-0035","day":2,"valid":true,"reason":"","submission_id":"team-D-d2-1002","response_ms":428}
2026/09/10 16:40:35 [DAY 2] DEBUG positions: [72 142 12 72] | fuels: [54 65 59 88]
2026/09/10 16:40:35 [DAY 2] budget=48 steps | 22 road statuses
2026/09/10 16:40:35 [DAY 2] [P2: Medium (12x12)] Dynamic timeout=400ms (budget=48 steps)...
2026/09/10 16:40:35 [DAY 2] Cache built (12 sources).
2026/09/10 16:40:35 [DAY 2] ⏹️ Converged after 80 iters with no improvement (total 80 iters) -> early exit!
2026/09/10 16:40:35 [DAY 2] Search completed in 80 iterations. Best: matchTypes=0, todayTypes=4, stocks=18/27, steps=144
2026/09/10 16:40:35 [DAY 2] final plan submitted OK (77ms taken).
2026/09/10 16:40:35 [DAY 2] DEBUG brands all-time=4/8 | dayNewTypes(all-time-basis)=[4]
2026/09/10 16:40:35 [WS] Server sent ActionResult: {"protocol_version":"v0.1-draft","type":"action_result","match_id":"m-0035","day":3,"valid":true,"reason":"","submission_id":"team-D-d3-1003","response_ms":164}
2026/09/10 16:41:05 [DAY 3] DEBUG positions: [142 72 95 50] | fuels: [23 34 26 63]
2026/09/10 16:41:05 [DAY 3] budget=48 steps | 22 road statuses
2026/09/10 16:41:05 [DAY 3] [P2: Medium (12x12)] Dynamic timeout=400ms (budget=48 steps)...
2026/09/10 16:41:05 [DAY 3] Cache built (12 sources).
2026/09/10 16:41:06 [DAY 3] ⏹️ Converged after 80 iters with no improvement (total 80 iters) -> early exit!
2026/09/10 16:41:06 [DAY 3] Search completed in 80 iterations. Best: matchTypes=0, todayTypes=4, stocks=17/27, steps=134
2026/09/10 16:41:06 [DAY 3] final plan submitted OK (176ms taken).
2026/09/10 16:41:06 [DAY 3] DEBUG brands all-time=4/8 | dayNewTypes(all-time-basis)=[4]
2026/09/10 16:41:06 [WS] Server sent ActionResult: {"protocol_version":"v0.1-draft","type":"action_result","match_id":"m-0035","day":4,"valid":false,"reason":"E_NO_FUEL (xe 0, bước 39): không đủ nhiên liệu để di chuyển (còn 0, cần 2)","submission_id":"team-D-d4-1004","response_ms":271}
2026/09/10 16:41:35 [DAY 4] DEBUG positions: [142 72 95 50] | fuels: [23 34 26 63]
2026/09/10 16:41:35 [DAY 4] budget=48 steps | 22 road statuses
2026/09/10 16:41:35 [DAY 4] [P2: Medium (12x12)] Dynamic timeout=400ms (budget=48 steps)...
2026/09/10 16:41:35 [DAY 4] Cache built (12 sources).
2026/09/10 16:41:36 [DAY 4] ⏹️ Converged after 80 iters with no improvement (total 80 iters) -> early exit!
2026/09/10 16:41:36 [DAY 4] Search completed in 80 iterations. Best: matchTypes=0, todayTypes=4, stocks=17/27, steps=136
2026/09/10 16:41:36 [DAY 4] final plan submitted OK (163ms taken).
2026/09/10 16:41:36 [DAY 4] DEBUG brands all-time=4/8 | dayNewTypes(all-time-basis)=[4]
2026/09/10 16:41:36 [WS] Server sent ActionResult: {"protocol_version":"v0.1-draft","type":"action_result","match_id":"m-0035","day":5,"valid":false,"reason":"E_NO_FUEL (xe 0, bước 39): không đủ nhiên liệu để di chuyển (còn 0, cần 2)","submission_id":"team-D-d5-1005","response_ms":264}
2026/09/10 16:42:05 [DAY 5] DEBUG positions: [142 72 95 50] | fuels: [23 34 26 63]
2026/09/10 16:42:05 [DAY 5] budget=48 steps | 22 road statuses
2026/09/10 16:42:05 [DAY 5] [P2: Medium (12x12)] Dynamic timeout=400ms (budget=48 steps)...
2026/09/10 16:42:05 [DAY 5] Cache built (12 sources).
2026/09/10 16:42:05 [DAY 5] ⏹️ Converged after 80 iters with no improvement (total 80 iters) -> early exit!
2026/09/10 16:42:05 [DAY 5] Search completed in 80 iterations. Best: matchTypes=0, todayTypes=4, stocks=17/27, steps=136
2026/09/10 16:42:06 [DAY 5] final plan submitted OK (158ms taken).
2026/09/10 16:42:06 [DAY 5] DEBUG brands all-time=4/8 | dayNewTypes(all-time-basis)=[4]
2026/09/10 16:42:06 [INFO] Match has reached the final day. Waiting for results...
2026/09/10 16:42:06 [WS] Server sent ActionResult: {"protocol_version":"v0.1-draft","type":"action_result","match_id":"m-0035","day":6,"valid":false,"reason":"E_NO_FUEL (xe 0, bước 39): không đủ nhiên liệu để di chuyển (còn 0, cần 2)","submission_id":"team-D-d6-1006","response_ms":256}

[RESULT] Match finished successfully!
{"protocol_version":"v0.1-draft","type":"match_result","match_id":"m-0035","standings":[{"rank":1,"team_id":"team-F","udon_types":4,"daily_types_sum":24,"udon_total":115,"response_ms_total":5706},{"rank":2,"team_id":"team-A","udon_types":4,"daily_types_sum":24,"udon_total":103,"response_ms_total":4820},{"rank":3,"team_id":"team-D","udon_types":4,"daily_types_sum":18,"udon_total":65,"response_ms_total":92020},{"rank":4,"team_id":"team-E","udon_types":4,"daily_types_sum":4,"udon_total":22,"response_ms_total":162355},{"rank":5,"team_id":"team-B","udon_types":0,"daily_types_sum":0,"udon_total":0,"response_ms_total":180000},{"rank":5,"team_id":"team-C","udon_types":0,"daily_types_sum":0,"udon_total":0,"response_ms_total":180000}]}

============================================================
=== MATCH: m-0041 | TRANSPORT: ws ===
============================================================
2026/09/10 16:44:05 [INIT] Logging match output to console and: logs\match_m-0041.log (all matches in logs\matches.log)
2026/09/10 16:44:05 [INIT] Transport: WebSocket (server-push, low-latency)
2026/09/10 16:44:05 [WS] Connecting to wss://procon.toiyeuptit.com/ws/v1/matches/m-0041?token=bot-0be5503eaaa0a659a8a6c99d
2026/09/10 16:44:05 [WS] Connected!
2026/09/10 16:44:05 [INIT] Fetching setup...
2026/09/10 16:44:05 [INIT] Map 12x12 | agents=4 | spots=8 (maxStocks/day=17) | days=6 | fuelLimit=120
2026/09/10 16:44:05 [INIT] Assigning kinds: [0 0 0 1]
2026/09/10 16:44:05 [INIT] Waiting for match to start...
2026/09/10 16:44:05 [INIT] Match started!
2026/09/10 16:44:05 [DAY 0] Agent positions: [6 62 68 115] | fuels: [120 120 120 120]
2026/09/10 16:44:05 [DAY 0] DEBUG positions: [6 62 68 115] | fuels: [120 120 120 120]
2026/09/10 16:44:05 [DAY 0] budget=48 steps | 23 road statuses
2026/09/10 16:44:05 [DAY 0] [P2: Medium (12x12)] Dynamic timeout=400ms (budget=48 steps)...
2026/09/10 16:44:05 [DAY 0] Cache built (12 sources).
2026/09/10 16:44:05 [WS] Server sent ActionResult: {"protocol_version":"","type":"","match_id":"","day":0,"valid":false,"reason":"E_BAD_FORMAT: json: cannot unmarshal number into Go value of type []int","submission_id":"","response_ms":0}
2026/09/10 16:44:05 [DAY 0] iter=4 NEW BEST: matchTypes=4 todayTypes=4 stocks=15 (eff=15) steps=111 endDist=0
2026/09/10 16:44:05 [DAY 0] iter=11 NEW BEST: matchTypes=4 todayTypes=4 stocks=15 (eff=15) steps=105 endDist=0
2026/09/10 16:44:05 [DAY 0] ⏹️ Converged after 120 iters with no improvement (total 131 iters) -> early exit!
2026/09/10 16:44:05 [DAY 0] Search completed in 131 iterations. Best: matchTypes=4, todayTypes=4, stocks=15/17, steps=105
2026/09/10 16:44:05 [DAY 0] final plan submitted OK (202ms taken).
2026/09/10 16:44:05 [DAY 0] DEBUG brands all-time=4/8 | dayNewTypes(all-time-basis)=[4]
2026/09/10 16:44:05 [WS] Server sent ActionResult: {"protocol_version":"v0.1-draft","type":"action_result","match_id":"m-0041","day":1,"valid":true,"reason":"","submission_id":"team-D-d1-1001","response_ms":901}
2026/09/10 16:44:34 [DAY 1] DEBUG positions: [142 8 108 142] | fuels: [88 106 93 116]
2026/09/10 16:44:34 [DAY 1] budget=48 steps | 23 road statuses
2026/09/10 16:44:34 [DAY 1] [P2: Medium (12x12)] Dynamic timeout=400ms (budget=48 steps)...
2026/09/10 16:44:34 [DAY 1] Cache built (12 sources).
2026/09/10 16:44:34 [DAY 1] iter=1 NEW BEST: matchTypes=0 todayTypes=4 stocks=15 (eff=15) steps=97 endDist=0
2026/09/10 16:44:34 [DAY 1] iter=13 NEW BEST: matchTypes=0 todayTypes=4 stocks=15 (eff=15) steps=95 endDist=0
2026/09/10 16:44:34 [DAY 1] ⏹️ Converged after 80 iters with no improvement (total 93 iters) -> early exit!
2026/09/10 16:44:34 [DAY 1] Search completed in 93 iterations. Best: matchTypes=0, todayTypes=4, stocks=15/17, steps=95
2026/09/10 16:44:34 [DAY 1] final plan submitted OK (130ms taken).
2026/09/10 16:44:34 [DAY 1] DEBUG brands all-time=4/8 | dayNewTypes(all-time-basis)=[4]
2026/09/10 16:44:34 [WS] Server sent ActionResult: {"protocol_version":"v0.1-draft","type":"action_result","match_id":"m-0041","day":2,"valid":true,"reason":"","submission_id":"team-D-d2-1002","response_ms":218}
2026/09/10 16:45:04 [DAY 2] DEBUG positions: [40 74 57 40] | fuels: [64 93 68 103]
2026/09/10 16:45:04 [DAY 2] budget=48 steps | 23 road statuses
2026/09/10 16:45:04 [DAY 2] [P2: Medium (12x12)] Dynamic timeout=400ms (budget=48 steps)...
2026/09/10 16:45:04 [DAY 2] Cache built (12 sources).
2026/09/10 16:45:04 [DAY 2] iter=1 NEW BEST: matchTypes=0 todayTypes=4 stocks=14 (eff=14) steps=103 endDist=0
2026/09/10 16:45:04 [DAY 2] iter=3 NEW BEST: matchTypes=0 todayTypes=4 stocks=14 (eff=14) steps=93 endDist=0
2026/09/10 16:45:04 [DAY 2] iter=4 NEW BEST: matchTypes=0 todayTypes=4 stocks=15 (eff=15) steps=96 endDist=0
2026/09/10 16:45:05 [DAY 2] iter=63 NEW BEST: matchTypes=0 todayTypes=4 stocks=15 (eff=15) steps=92 endDist=0
2026/09/10 16:45:05 [DAY 2] Search completed in 90 iterations. Best: matchTypes=0, todayTypes=4, stocks=15/17, steps=92
2026/09/10 16:45:05 [DAY 2] final plan submitted OK (401ms taken).
2026/09/10 16:45:05 [DAY 2] DEBUG brands all-time=4/8 | dayNewTypes(all-time-basis)=[4]
2026/09/10 16:45:05 [WS] Server sent ActionResult: {"protocol_version":"v0.1-draft","type":"action_result","match_id":"m-0041","day":3,"valid":true,"reason":"","submission_id":"team-D-d3-1003","response_ms":500}
2026/09/10 16:45:34 [DAY 3] DEBUG positions: [8 142 40 43] | fuels: [26 66 53 99]
2026/09/10 16:45:34 [DAY 3] budget=48 steps | 23 road statuses
2026/09/10 16:45:34 [DAY 3] [P2: Medium (12x12)] Dynamic timeout=400ms (budget=48 steps)...
2026/09/10 16:45:34 [DAY 3] Cache built (12 sources).
2026/09/10 16:45:34 [DAY 3] iter=3 NEW BEST: matchTypes=0 todayTypes=4 stocks=15 (eff=15) steps=104 endDist=0
2026/09/10 16:45:34 [DAY 3] iter=4 NEW BEST: matchTypes=0 todayTypes=4 stocks=15 (eff=15) steps=100 endDist=0
2026/09/10 16:45:34 [DAY 3] iter=9 NEW BEST: matchTypes=0 todayTypes=4 stocks=15 (eff=15) steps=91 endDist=0
2026/09/10 16:45:35 [DAY 3] ⏹️ Converged after 80 iters with no improvement (total 89 iters) -> early exit!
2026/09/10 16:45:35 [DAY 3] Search completed in 89 iterations. Best: matchTypes=0, todayTypes=4, stocks=15/17, steps=91
2026/09/10 16:45:35 [DAY 3] final plan submitted OK (336ms taken).
2026/09/10 16:45:35 [DAY 3] DEBUG brands all-time=4/8 | dayNewTypes(all-time-basis)=[4]
2026/09/10 16:45:35 [WS] Server sent ActionResult: {"protocol_version":"v0.1-draft","type":"action_result","match_id":"m-0041","day":4,"valid":true,"reason":"","submission_id":"team-D-d4-1004","response_ms":426}
2026/09/10 16:46:04 [DAY 4] DEBUG positions: [74 40 8 42] | fuels: [10 42 15 98]
2026/09/10 16:46:04 [WARNING] CRITICAL LOW FUEL ALERT: Day 4 Agent 0 has ONLY 10 fuel remaining!
2026/09/10 16:46:04 [DAY 4] budget=48 steps | 23 road statuses
2026/09/10 16:46:04 [DAY 4] [P2: Medium (12x12)] Dynamic timeout=400ms (budget=48 steps)...
2026/09/10 16:46:04 [DAY 4] Cache built (12 sources).
2026/09/10 16:46:04 [DAY 4] iter=1 NEW BEST: matchTypes=0 todayTypes=4 stocks=12 (eff=12) steps=82 endDist=1
2026/09/10 16:46:04 [DAY 4] iter=2 NEW BEST: matchTypes=0 todayTypes=4 stocks=13 (eff=13) steps=118 endDist=4
2026/09/10 16:46:04 [DAY 4] iter=3 NEW BEST: matchTypes=0 todayTypes=4 stocks=13 (eff=13) steps=112 endDist=2
2026/09/10 16:46:04 [DAY 4] iter=12 NEW BEST: matchTypes=0 todayTypes=4 stocks=13 (eff=13) steps=96 endDist=1
2026/09/10 16:46:05 [DAY 4] ⏹️ Converged after 80 iters with no improvement (total 92 iters) -> early exit!
2026/09/10 16:46:05 [DAY 4] Search completed in 92 iterations. Best: matchTypes=0, todayTypes=4, stocks=13/17, steps=96
2026/09/10 16:46:05 [SAFETY GUARD] 🛡️ Xe 1 dừng an toàn tại bước 44 (fuel=0, cần=1, bước còn=5) -> Tránh E_NO_FUEL/lỗi server!
2026/09/10 16:46:05 [DAY 4] final plan submitted OK (277ms taken).
2026/09/10 16:46:05 [DAY 4] DEBUG brands all-time=4/8 | dayNewTypes(all-time-basis)=[4]
2026/09/10 16:46:05 [WS] Server sent ActionResult: {"protocol_version":"v0.1-draft","type":"action_result","match_id":"m-0041","day":5,"valid":true,"reason":"","submission_id":"team-D-d5-1005","response_ms":365}
2026/09/10 16:46:34 [DAY 5] DEBUG positions: [19 46 142 63] | fuels: [1 0 1 78]
2026/09/10 16:46:34 [WARNING] CRITICAL LOW FUEL ALERT: Day 5 Agent 0 has ONLY 1 fuel remaining!
2026/09/10 16:46:34 [WARNING] CRITICAL LOW FUEL ALERT: Day 5 Agent 1 has ONLY 0 fuel remaining!
2026/09/10 16:46:34 [WARNING] CRITICAL LOW FUEL ALERT: Day 5 Agent 2 has ONLY 1 fuel remaining!
2026/09/10 16:46:34 [DAY 5] budget=48 steps | 23 road statuses
2026/09/10 16:46:34 [DAY 5] [P2: Medium (12x12)] Dynamic timeout=400ms (budget=48 steps)...
2026/09/10 16:46:34 [DAY 5] Cache built (12 sources).
2026/09/10 16:46:34 [DAY 5] iter=7 NEW BEST: matchTypes=0 todayTypes=4 stocks=9 (eff=9) steps=85 endDist=1
2026/09/10 16:46:34 [DAY 5] ⏹️ Converged after 80 iters with no improvement (total 87 iters) -> early exit!
2026/09/10 16:46:34 [DAY 5] Search completed in 87 iterations. Best: matchTypes=0, todayTypes=4, stocks=9/17, steps=85
2026/09/10 16:46:34 [DAY 5] final plan submitted OK (72ms taken).
2026/09/10 16:46:34 [DAY 5] DEBUG brands all-time=4/8 | dayNewTypes(all-time-basis)=[4]
2026/09/10 16:46:34 [INFO] Match has reached the final day. Waiting for results...
2026/09/10 16:46:34 [WS] Server sent ActionResult: {"protocol_version":"v0.1-draft","type":"action_result","match_id":"m-0041","day":6,"valid":false,"reason":"E_NO_FUEL (xe 0, bước 15): không đủ nhiên liệu để di chuyển (còn 1, cần 2)","submission_id":"team-D-d6-1006","response_ms":166}

[RESULT] Match finished successfully!
{"protocol_version":"v0.1-draft","type":"match_result","match_id":"m-0041","standings":[{"rank":1,"team_id":"team-E","udon_types":4,"daily_types_sum":24,"udon_total":102,"response_ms_total":10683},{"rank":2,"team_id":"team-F","udon_types":4,"daily_types_sum":24,"udon_total":100,"response_ms_total":5489},{"rank":3,"team_id":"team-A","udon_types":4,"daily_types_sum":24,"udon_total":91,"response_ms_total":986},{"rank":4,"team_id":"team-D","udon_types":4,"daily_types_sum":21,"udon_total":75,"response_ms_total":32410},{"rank":5,"team_id":"team-B","udon_types":0,"daily_types_sum":0,"udon_total":0,"response_ms_total":180000},{"rank":5,"team_id":"team-C","udon_types":0,"daily_types_sum":0,"udon_total":0,"response_ms_total":180000}]}
